// Jest Snapshot v1, https://goo.gl/fbAQLP

exports[`Storyshots Atoms/Dots default 1`] = `
<div
  className="dots"
>
  <button
    className="dots__dot"
    onClick={[Function]}
  />
  <button
    className="dots__dot dots__dot--active"
    onClick={[Function]}
  />
  <button
    className="dots__dot"
    onClick={[Function]}
  />
</div>
`;

exports[`Storyshots Atoms/Image as background 1`] = `
<div
  className="image-background rounded"
  style={
    Object {
      "backgroundImage": "url(http://lorempixel.com/640/480/fashion)",
    }
  }
/>
`;

exports[`Storyshots Atoms/Image as img 1`] = `
<div
  className="image-background rounded"
>
  <img
    alt="Lorem ipsum"
    src="http://lorempixel.com/640/480/fashion"
  />
</div>
`;

exports[`Storyshots Moleculs/Add default 1`] = `
<div
  className="container"
>
  <div
    className="row"
  >
    <div
      className="col"
    >
      <div
        className="mb-3 input-group"
      >
        <div
          className="input-group-prepend"
        >
          <button
            className="btn btn-secondary"
            disabled={false}
            onClick={[Function]}
            type="button"
          >
            -
          </button>
        </div>
        <input
          className="m form-control"
          type="number"
          value="0"
        />
        <div
          className="input-group-append"
        >
          <button
            className="btn btn-secondary"
            disabled={false}
            onClick={[Function]}
            type="button"
          >
            +
          </button>
        </div>
      </div>
    </div>
    <div
      className="col"
    >
      <button
        className="btn btn-primary"
        disabled={false}
        onClick={[Function]}
        type="button"
      >
        Add
      </button>
    </div>
  </div>
</div>
`;

exports[`Storyshots Moleculs/Navigation buttons 1`] = `
<nav
  className="navbar navbar-expand-lg bg-light navbar-light justify-content-between fixed-bottom"
>
  <div
    className="navbar-brand"
  >
    This is claim in navigation
  </div>
  <form
    className="form-inline"
  >
    <button
      className="btn btn-primary"
      disabled={false}
      type="button"
    >
      Click Me!
    </button>
  </form>
</nav>
`;

exports[`Storyshots Moleculs/Navigation default 1`] = `
<nav
  className="navbar navbar-expand-lg bg-light navbar-light"
>
  <a
    className="navbar-brand"
    href="#home"
  >
    <a
      className="svg"
      href="#home"
    >
      <svg
        styles={
          Object {
            "fill": "black",
          }
        }
      >
        svg.svg
      </svg>
    </a>
  </a>
  <ul
    className="navbar-nav mr-auto"
  >
    <li
      className="nav-item active"
    >
      <a
        className="nav-link"
        href="#lorem"
      >
        Lorem
      </a>
    </li>
    <li
      className="nav-item active"
    >
      <a
        className="nav-link"
        href="#ipsum"
      >
        ipsum
      </a>
    </li>
  </ul>
</nav>
`;

exports[`Storyshots Moleculs/Signpost default 1`] = `
<div
  className="viewport"
  style={Object {}}
>
  <div
    className="signpost__wrapper"
  >
    <div
      className="signpost__item"
      onClick={[Function]}
      onMouseEnter={[Function]}
      onMouseLeave={[Function]}
    >
      <button
        className="signpost__btn btn btn-link btn-lg"
        disabled={false}
        onClick={[Function]}
        type="button"
      >
        <div
          className="mr-2 signpost__btn-text"
        >
          Take a look on me!
        </div>
        <svg
          className="bi bi-chevron-right signpost__btn-icon"
          fill="currentColor"
          height="1em"
          viewBox="0 0 16 16"
          width="1em"
          xmlns="http://www.w3.org/2000/svg"
        >
          <path
            d="M4.646 1.646a.5.5 0 0 1 .708 0l6 6a.5.5 0 0 1 0 .708l-6 6a.5.5 0 0 1-.708-.708L10.293 8 4.646 2.354a.5.5 0 0 1 0-.708z"
            fill-rule="evenodd"
          />
        </svg>
      </button>
      <h2
        className="signpost__title"
      >
        First
      </h2>
      <div
        className="image-background pb-3 signpost__image"
        style={
          Object {
            "backgroundImage": "url(https://picsum.photos/1024/768?random=5)",
          }
        }
      />
      <div
        className="image-background pb-3 signpost__image signpost__image--active"
        style={
          Object {
            "backgroundImage": "url(https://picsum.photos/1024/768?random=1)",
          }
        }
      />
      <div
        className="signpost__overlay"
      />
    </div>
    <div
      className="signpost__item"
      onClick={[Function]}
      onMouseEnter={[Function]}
      onMouseLeave={[Function]}
    >
      <button
        className="signpost__btn btn btn-link btn-lg"
        disabled={false}
        onClick={[Function]}
        type="button"
      >
        <div
          className="mr-2 signpost__btn-text"
        >
          Take a look on me!
        </div>
        <svg
          className="bi bi-chevron-right signpost__btn-icon"
          fill="currentColor"
          height="1em"
          viewBox="0 0 16 16"
          width="1em"
          xmlns="http://www.w3.org/2000/svg"
        >
          <path
            d="M4.646 1.646a.5.5 0 0 1 .708 0l6 6a.5.5 0 0 1 0 .708l-6 6a.5.5 0 0 1-.708-.708L10.293 8 4.646 2.354a.5.5 0 0 1 0-.708z"
            fill-rule="evenodd"
          />
        </svg>
      </button>
      <h2
        className="signpost__title"
      >
        Second
      </h2>
      <div
        className="image-background pb-3 signpost__image"
        style={
          Object {
            "backgroundImage": "url(https://picsum.photos/1024/768?random=6)",
          }
        }
      />
      <div
        className="image-background pb-3 signpost__image signpost__image--active"
        style={
          Object {
            "backgroundImage": "url(https://picsum.photos/1024/768?random=2)",
          }
        }
      />
      <div
        className="signpost__overlay"
      />
    </div>
    <div
      className="signpost__item"
      onClick={[Function]}
      onMouseEnter={[Function]}
      onMouseLeave={[Function]}
    >
      <button
        className="signpost__btn btn btn-link btn-lg"
        disabled={false}
        onClick={[Function]}
        type="button"
      >
        <div
          className="mr-2 signpost__btn-text"
        >
          Take a look on me!
        </div>
        <svg
          className="bi bi-chevron-right signpost__btn-icon"
          fill="currentColor"
          height="1em"
          viewBox="0 0 16 16"
          width="1em"
          xmlns="http://www.w3.org/2000/svg"
        >
          <path
            d="M4.646 1.646a.5.5 0 0 1 .708 0l6 6a.5.5 0 0 1 0 .708l-6 6a.5.5 0 0 1-.708-.708L10.293 8 4.646 2.354a.5.5 0 0 1 0-.708z"
            fill-rule="evenodd"
          />
        </svg>
      </button>
      <h2
        className="signpost__title"
      >
        Third
      </h2>
      <div
        className="image-background pb-3 signpost__image"
        style={
          Object {
            "backgroundImage": "url(https://picsum.photos/1024/768?random=7)",
          }
        }
      />
      <div
        className="image-background pb-3 signpost__image signpost__image--active"
        style={
          Object {
            "backgroundImage": "url(https://picsum.photos/1024/768?random=3)",
          }
        }
      />
      <div
        className="signpost__overlay"
      />
    </div>
    <div
      className="signpost__item"
      onClick={[Function]}
      onMouseEnter={[Function]}
      onMouseLeave={[Function]}
    >
      <button
        className="signpost__btn btn btn-link btn-lg"
        disabled={false}
        onClick={[Function]}
        type="button"
      >
        <div
          className="mr-2 signpost__btn-text"
        >
          Take a look on me!
        </div>
        <svg
          className="bi bi-chevron-right signpost__btn-icon"
          fill="currentColor"
          height="1em"
          viewBox="0 0 16 16"
          width="1em"
          xmlns="http://www.w3.org/2000/svg"
        >
          <path
            d="M4.646 1.646a.5.5 0 0 1 .708 0l6 6a.5.5 0 0 1 0 .708l-6 6a.5.5 0 0 1-.708-.708L10.293 8 4.646 2.354a.5.5 0 0 1 0-.708z"
            fill-rule="evenodd"
          />
        </svg>
      </button>
      <h2
        className="signpost__title"
      >
        Fourth
      </h2>
      <div
        className="image-background pb-3 signpost__image"
        style={
          Object {
            "backgroundImage": "url(https://picsum.photos/1024/768?random=8)",
          }
        }
      />
      <div
        className="image-background pb-3 signpost__image signpost__image--active"
        style={
          Object {
            "backgroundImage": "url(https://picsum.photos/1024/768?random=4)",
          }
        }
      />
      <div
        className="signpost__overlay"
      />
    </div>
  </div>
</div>
`;

exports[`Storyshots Organisms/Pad default 1`] = `
<div
  className="pad"
>
  <div
    className="pad__items"
    style={
      Object {
        "top": -0,
      }
    }
  >
    <div
      className="pad__item"
    >
      <div
        className="viewport"
        style={
          Object {
            "--Viewport__xPosition-desktop": "center",
            "--Viewport__xPosition-landscape": "center",
            "--Viewport__xPosition-portrait": "right",
            "backgroundImage": "url(https://picsum.photos/id/100/2500/1656)",
          }
        }
      >
        <div
          className="headline"
          style={
            Object {
              "--headline__lg-x-position": 5,
              "--headline__lg-y-position": 5,
              "--headline__md-x-position": 5,
              "--headline__md-y-position": 5,
              "--headline__sm-x-position": 5,
              "--headline__sm-y-position": 5,
              "--headline__xl-x-position": 5,
              "--headline__xl-y-position": 5,
              "--headline__xs-x-position": 5,
              "--headline__xs-y-position": 5,
            }
          }
        >
          <h1>
            First
          </h1>
          <p>
            Cobaltum persuaderes, tanquam fortis habitio.
          </p>
        </div>
      </div>
    </div>
    <div
      className="pad__item"
    >
      <div
        className="viewport"
        style={
          Object {
            "--Viewport__xPosition-desktop": "center",
            "--Viewport__xPosition-landscape": "center",
            "--Viewport__xPosition-portrait": "right",
            "backgroundImage": "url(https://picsum.photos/id/101/2500/1656)",
          }
        }
      >
        <div
          className="headline"
          style={
            Object {
              "--headline__lg-x-position": 5,
              "--headline__lg-y-position": 5,
              "--headline__md-x-position": 5,
              "--headline__md-y-position": 5,
              "--headline__sm-x-position": 5,
              "--headline__sm-y-position": 5,
              "--headline__xl-x-position": 5,
              "--headline__xl-y-position": 5,
              "--headline__xs-x-position": 5,
              "--headline__xs-y-position": 5,
            }
          }
        >
          <h1>
            Second
          </h1>
          <p>
            Cobaltum persuaderes, tanquam fortis habitio.
          </p>
        </div>
      </div>
    </div>
    <div
      className="pad__item"
    >
      <div
        className="viewport"
        style={
          Object {
            "--Viewport__xPosition-desktop": "center",
            "--Viewport__xPosition-landscape": "center",
            "--Viewport__xPosition-portrait": "right",
            "backgroundImage": "url(https://picsum.photos/id/102/2500/1656)",
          }
        }
      >
        <div
          className="headline"
          style={
            Object {
              "--headline__lg-x-position": 5,
              "--headline__lg-y-position": 5,
              "--headline__md-x-position": 5,
              "--headline__md-y-position": 5,
              "--headline__sm-x-position": 5,
              "--headline__sm-y-position": 5,
              "--headline__xl-x-position": 5,
              "--headline__xl-y-position": 5,
              "--headline__xs-x-position": 5,
              "--headline__xs-y-position": 5,
            }
          }
        >
          <h1>
            Third
          </h1>
          <p>
            Cobaltum persuaderes, tanquam fortis habitio.
          </p>
        </div>
      </div>
    </div>
    <div
      className="pad__item"
    >
      <div
        className="viewport"
        style={
          Object {
            "--Viewport__xPosition-desktop": "center",
            "--Viewport__xPosition-landscape": "center",
            "--Viewport__xPosition-portrait": "right",
            "backgroundImage": "url(https://picsum.photos/id/103/2500/1656)",
          }
        }
      >
        <div
          className="headline"
          style={
            Object {
              "--headline__lg-x-position": 5,
              "--headline__lg-y-position": 5,
              "--headline__md-x-position": 5,
              "--headline__md-y-position": 5,
              "--headline__sm-x-position": 5,
              "--headline__sm-y-position": 5,
              "--headline__xl-x-position": 5,
              "--headline__xl-y-position": 5,
              "--headline__xs-x-position": 5,
              "--headline__xs-y-position": 5,
            }
          }
        >
          <h1>
            Fourth
          </h1>
          <p>
            Cobaltum persuaderes, tanquam fortis habitio.
          </p>
        </div>
      </div>
    </div>
  </div>
  <div
    className="pad__dots"
  >
    <div
      className="dots"
    >
      <button
        className="dots__dot dots__dot--active"
        onClick={[Function]}
      />
      <button
        className="dots__dot"
        onClick={[Function]}
      />
      <button
        className="dots__dot"
        onClick={[Function]}
      />
      <button
        className="dots__dot"
        onClick={[Function]}
      />
    </div>
  </div>
  <div
    className="pad__prev"
    onClick={[Function]}
  >
    <svg
      className="bi bi-chevron-compact-up"
      fill="currentColor"
      height="3rem"
      viewBox="0 0 16 16"
      width="3rem"
      xmlns="http://www.w3.org/2000/svg"
    >
      <path
        d="M7.776 5.553a.5.5 0 0 1 .448 0l6 3a.5.5 0 1 1-.448.894L8 6.56 2.224 9.447a.5.5 0 1 1-.448-.894l6-3z"
        fill-rule="evenodd"
      />
    </svg>
  </div>
  <div
    className="pad__next"
    onClick={[Function]}
  >
    <svg
      className="bi bi-chevron-compact-down"
      fill="currentColor"
      height="3rem"
      viewBox="0 0 16 16"
      width="3rem"
      xmlns="http://www.w3.org/2000/svg"
    >
      <path
        d="M1.553 6.776a.5.5 0 0 1 .67-.223L8 9.44l5.776-2.888a.5.5 0 1 1 .448.894l-6 3a.5.5 0 0 1-.448 0l-6-3a.5.5 0 0 1-.223-.67z"
        fill-rule="evenodd"
      />
    </svg>
  </div>
</div>
`;
